apps_build                   needsAccount=true  destructive=false bound accountOnly=false optionalAuth=false
apps_create                  needsAccount=true  destructive=false bound accountOnly=false optionalAuth=false
apps_edit                    needsAccount=true  destructive=false bound accountOnly=false optionalAuth=false
apps_fork                    needsAccount=true  destructive=false bound accountOnly=false optionalAuth=false
apps_read                    needsAccount=false destructive=false open accountOnly=false optionalAuth=false
apps_run                     needsAccount=true  destructive=false bound accountOnly=false optionalAuth=false
apps_search                  needsAccount=false destructive=false open accountOnly=false optionalAuth=false
apps_test                    needsAccount=true  destructive=false bound accountOnly=false optionalAuth=false
archive_list                 needsAccount=false destructive=false open accountOnly=false optionalAuth=false
archive_search               needsAccount=false destructive=false open accountOnly=false optionalAuth=false
blog_create                  needsAccount=true  destructive=false bound accountOnly=false optionalAuth=false
blog_delete                  needsAccount=true  destructive=true  bound accountOnly=false optionalAuth=false
blog_list                    needsAccount=false destructive=false open accountOnly=false optionalAuth=false
blog_read                    needsAccount=false destructive=false open accountOnly=false optionalAuth=false
blog_update                  needsAccount=true  destructive=false bound accountOnly=false optionalAuth=false
chat_messages                needsAccount=false destructive=false open accountOnly=false optionalAuth=false
chat_rooms                   needsAccount=false destructive=false open accountOnly=false optionalAuth=false
chat_send                    needsAccount=true  destructive=false bound accountOnly=false optionalAuth=false
contacts_add                 needsAccount=true  destructive=false bound accountOnly=false optionalAuth=false
contacts_delete              needsAccount=true  destructive=true  bound accountOnly=false optionalAuth=false
contacts_find                needsAccount=true  destructive=false bound accountOnly=false optionalAuth=false
contacts_list                needsAccount=true  destructive=false bound accountOnly=false optionalAuth=false
docs_delete                  needsAccount=true  destructive=true  bound accountOnly=false optionalAuth=false
docs_list                    needsAccount=true  destructive=false bound accountOnly=false optionalAuth=false
docs_read                    needsAccount=true  destructive=false bound accountOnly=false optionalAuth=false
docs_write                   needsAccount=true  destructive=false bound accountOnly=false optionalAuth=false
email_history                needsAccount=true  destructive=false bound accountOnly=true  optionalAuth=false
email_send                   needsAccount=true  destructive=true  bound accountOnly=true  optionalAuth=false
email_sender                 needsAccount=true  destructive=false bound accountOnly=true  optionalAuth=false
email_verify                 needsAccount=true  destructive=false bound accountOnly=true  optionalAuth=false
events_create                needsAccount=true  destructive=false bound accountOnly=false optionalAuth=false
events_delete                needsAccount=true  destructive=true  bound accountOnly=false optionalAuth=false
events_free                  needsAccount=true  destructive=false bound accountOnly=false optionalAuth=false
events_list                  needsAccount=true  destructive=false bound accountOnly=false optionalAuth=false
files_delete                 needsAccount=true  destructive=true  bound accountOnly=false optionalAuth=false
files_get                    needsAccount=true  destructive=false bound accountOnly=false optionalAuth=false
files_list                   needsAccount=true  destructive=false bound accountOnly=false optionalAuth=false
files_put                    needsAccount=true  destructive=false bound accountOnly=false optionalAuth=false
files_share                  needsAccount=true  destructive=false bound accountOnly=false optionalAuth=false
flights_airport              needsAccount=false destructive=false open accountOnly=false optionalAuth=false
flights_overhead             needsAccount=false destructive=false open accountOnly=false optionalAuth=false
flights_track                needsAccount=false destructive=false open accountOnly=false optionalAuth=false
food_hygiene                 needsAccount=false destructive=false open accountOnly=false optionalAuth=false
food_product                 needsAccount=false destructive=false open accountOnly=false optionalAuth=false
food_search                  needsAccount=false destructive=false open accountOnly=false optionalAuth=false
hazards_alerts               needsAccount=false destructive=false open accountOnly=false optionalAuth=false
hazards_quakes               needsAccount=false destructive=false open accountOnly=false optionalAuth=false
images_generate              needsAccount=true  destructive=false bound accountOnly=false optionalAuth=false
images_search                needsAccount=true  destructive=false bound accountOnly=false optionalAuth=false
mail_inbox                   needsAccount=true  destructive=false bound accountOnly=false optionalAuth=false
mail_info                    needsAccount=true  destructive=false bound accountOnly=false optionalAuth=false
mail_search                  needsAccount=true  destructive=false bound accountOnly=false optionalAuth=false
mail_send                    needsAccount=true  destructive=true  bound accountOnly=true  optionalAuth=false
markets_convert              needsAccount=false destructive=false open accountOnly=false optionalAuth=false
markets_list                 needsAccount=false destructive=false open accountOnly=false optionalAuth=false
news_list                    needsAccount=false destructive=false open accountOnly=false optionalAuth=false
news_read                    needsAccount=false destructive=false open accountOnly=false optionalAuth=false
news_search                  needsAccount=false destructive=false bound accountOnly=false optionalAuth=true
notes_add                    needsAccount=true  destructive=false bound accountOnly=false optionalAuth=false
notes_delete                 needsAccount=true  destructive=true  bound accountOnly=false optionalAuth=false
notes_get                    needsAccount=true  destructive=false bound accountOnly=false optionalAuth=false
notes_list                   needsAccount=true  destructive=false bound accountOnly=false optionalAuth=false
places_address               needsAccount=false destructive=false open accountOnly=false optionalAuth=false
places_elevation             needsAccount=false destructive=false open accountOnly=false optionalAuth=false
places_geocode               needsAccount=false destructive=false open accountOnly=false optionalAuth=false
places_nearby                needsAccount=false destructive=false bound accountOnly=false optionalAuth=true
places_search                needsAccount=false destructive=false bound accountOnly=false optionalAuth=true
prayer_qibla                 needsAccount=false destructive=false open accountOnly=false optionalAuth=false
prayer_reflection            needsAccount=false destructive=false open accountOnly=false optionalAuth=false
prayer_saying                needsAccount=false destructive=false open accountOnly=false optionalAuth=false
prayer_search                needsAccount=false destructive=false bound accountOnly=false optionalAuth=true
prayer_times                 needsAccount=false destructive=false open accountOnly=false optionalAuth=false
prayer_verse                 needsAccount=false destructive=false open accountOnly=false optionalAuth=false
recall_conversation          needsAccount=true  destructive=false bound accountOnly=false optionalAuth=false
recall_list                  needsAccount=true  destructive=false bound accountOnly=false optionalAuth=false
recall_search                needsAccount=true  destructive=false bound accountOnly=false optionalAuth=false
routes_directions            needsAccount=false destructive=false bound accountOnly=false optionalAuth=true
routes_eta                   needsAccount=false destructive=false bound accountOnly=false optionalAuth=true
routes_nearest               needsAccount=false destructive=false bound accountOnly=false optionalAuth=true
sms_history                  needsAccount=true  destructive=false bound accountOnly=true  optionalAuth=false
sms_number                   needsAccount=true  destructive=false bound accountOnly=true  optionalAuth=false
sms_send                     needsAccount=true  destructive=true  bound accountOnly=true  optionalAuth=false
sms_verify                   needsAccount=true  destructive=false bound accountOnly=true  optionalAuth=false
social_list                  needsAccount=false destructive=false open accountOnly=false optionalAuth=false
social_search                needsAccount=true  destructive=false bound accountOnly=false optionalAuth=false
stream_list                  needsAccount=false destructive=false open accountOnly=false optionalAuth=false
stream_post                  needsAccount=true  destructive=false bound accountOnly=false optionalAuth=false
tasks_create                 needsAccount=true  destructive=false bound accountOnly=false optionalAuth=false
tasks_delete                 needsAccount=true  destructive=true  bound accountOnly=false optionalAuth=false
tasks_list                   needsAccount=true  destructive=false bound accountOnly=false optionalAuth=false
tasks_next                   needsAccount=true  destructive=false bound accountOnly=false optionalAuth=false
tasks_update                 needsAccount=true  destructive=false bound accountOnly=false optionalAuth=false
text_classify                needsAccount=false destructive=false bound accountOnly=false optionalAuth=true
text_extract                 needsAccount=false destructive=false bound accountOnly=false optionalAuth=true
text_summarise               needsAccount=false destructive=false bound accountOnly=false optionalAuth=true
text_translate               needsAccount=false destructive=false bound accountOnly=false optionalAuth=true
tiles_area                   needsAccount=false destructive=false open accountOnly=false optionalAuth=false
tiles_tile                   needsAccount=false destructive=false open accountOnly=false optionalAuth=false
transit_arrivals             needsAccount=false destructive=false open accountOnly=false optionalAuth=false
transit_feeds                needsAccount=false destructive=false open accountOnly=false optionalAuth=false
transit_nearby               needsAccount=false destructive=false open accountOnly=false optionalAuth=false
transit_status               needsAccount=false destructive=false open accountOnly=false optionalAuth=false
video_list                   needsAccount=false destructive=false open accountOnly=false optionalAuth=false
video_search                 needsAccount=true  destructive=false bound accountOnly=false optionalAuth=false
wallet_address               needsAccount=true  destructive=false bound accountOnly=true  optionalAuth=false
wallet_balance               needsAccount=true  destructive=false bound accountOnly=true  optionalAuth=false
wallet_list                  needsAccount=true  destructive=false bound accountOnly=true  optionalAuth=false
wallet_pay                   needsAccount=true  destructive=false bound accountOnly=true  optionalAuth=false
weather_air                  needsAccount=false destructive=false open accountOnly=false optionalAuth=false
weather_forecast             needsAccount=false destructive=false bound accountOnly=false optionalAuth=true
weather_history              needsAccount=false destructive=false open accountOnly=false optionalAuth=false
weather_marine               needsAccount=false destructive=false open accountOnly=false optionalAuth=false
web_fetch                    needsAccount=true  destructive=false bound accountOnly=false optionalAuth=false
web_search                   needsAccount=false destructive=false bound accountOnly=false optionalAuth=true
whatsapp_history             needsAccount=true  destructive=false bound accountOnly=true  optionalAuth=false
whatsapp_open                needsAccount=true  destructive=false bound accountOnly=true  optionalAuth=false
whatsapp_send                needsAccount=true  destructive=true  bound accountOnly=true  optionalAuth=false
